// Vitest Snapshot v1, https://vitest.dev/guide/snapshot.html

exports[`McpScreen snapshots > renders the install mode intro + "looking for supported AI tools" spinner 1`] = `
"💬 Chat with your Amplitude data
Ask Amplitude questions from your editor — e.g. “show me yesterday’s signups”.

⠋ Looking for supported AI tools…"
`;
